// Jest Snapshot v1, https://goo.gl/fbAQLP

exports[`decaffeinate options supports all of them 1`] = `
Array [
  " -h",
  " --help",
  " --modernize-js",
  " --literate",
  " --disable-suggestion-comment",
  " --no-array-includes",
  " --use-optional-chaining",
  " --use-js-modules",
  " --loose-js-modules",
  " --safe-import-function-identifiers",
  " --prefer-let",
  " --loose",
  " --loose",
  " --loose-default-params",
  " --loose-for-expressions",
  " --loose-for-of",
  " --loose-includes",
  " --loose-comparison-negation",
  " --disable-babel-constructor-workaround",
  " --disallow-invalid-constructors",
]
`;

exports[`flag --loose-js-modules does not camelcase js 1`] = `
"/*
 * decaffeinate suggestions:
 * DS102: Remove unnecessary code created because of implicit returns
 * Full docs: https://github.com/decaffeinate/decaffeinate/blob/master/docs/suggestions.md
 */
import React from 'react';

const testConstant = 'foo';

const klass = React.createClass({
  render() {
    return (
      <div className=\\"hello\\">
        <div>Hello</div>
      </div>
    );
  },
});

export { klass as named };
"
`;

exports[`flag --use-js-modules does not camelcase js 1`] = `
"/*
 * decaffeinate suggestions:
 * DS102: Remove unnecessary code created because of implicit returns
 * Full docs: https://github.com/decaffeinate/decaffeinate/blob/master/docs/suggestions.md
 */
import React from 'react';

const testConstant = 'foo';

export default React.createClass({
  render() {
    return (
      <div className=\\"hello\\">
        <div>Hello</div>
      </div>
    );
  },
});
"
`;

exports[`flags with <int> cleans the int 1`] = `
"/*
 * decaffeinate suggestions:
 * DS102: Remove unnecessary code created because of implicit returns
 * Full docs: https://github.com/decaffeinate/decaffeinate/blob/master/docs/suggestions.md
 */
const React = require('react');

const testConstant = 'foo';

module.exports = React.createClass({
    render() {
        return (
            <div className=\\"hello\\">
                <div>Hello</div>
            </div>
        );
    },
});
"
`;

exports[`happy test converts the file 1`] = `
"/*
 * decaffeinate suggestions:
 * DS102: Remove unnecessary code created because of implicit returns
 * Full docs: https://github.com/decaffeinate/decaffeinate/blob/master/docs/suggestions.md
 */
const React = require('react');

const testConstant = 'foo';

module.exports = React.createClass({
  render() {
    return (
      <div className=\\"hello\\">
        <div>Hello</div>
      </div>
    );
  },
});
"
`;

exports[`prettier options supports all of them 1`] = `
Array [
  " -l",
  " --list-different",
  " --write",
  " --no-bracket-spacing",
  " --jsx-bracket-same-line",
  " --parser",
  " --print-width",
  " --no-prose-wrap",
  " --no-semi",
  " --single-quote",
  " --tab-width",
  " --trailing-comma",
  " --use-tabs",
  " --config",
  " --no-config",
  " --config-precedence",
  " --find-config-path",
  " --ignore-path",
  " --with-node-modules",
  " --cursor-offset",
  " --range-start",
  " --range-end",
  " -1",
  " --range-end",
  " --cursor-offset",
  " --range-start",
  " --cursor-offset",
  " --no-color",
  " -h",
  " --help",
  " --help",
  " --insert-pragma",
  " --loglevel",
  " --require-pragma",
  " --stdin",
  " --stdin-filepath",
  " --support-info",
  " -v",
  " --version",
]
`;
